\BOOKMARK [1][-]{section.1}{\376\377\174\373\176\337\227\000\154\102\122\006\147\220}{}% 1
\BOOKMARK [2][-]{subsection.1.1}{\376\377\230\171\166\356\200\314\146\157}{section.1}% 2
\BOOKMARK [2][-]{subsection.1.2}{\376\377\165\050\142\067\211\322\202\162}{section.1}% 3
\BOOKMARK [2][-]{subsection.1.3}{\376\377\122\237\200\375\227\000\154\102}{section.1}% 4
\BOOKMARK [1][-]{section.2}{\376\377\145\160\143\156\136\223\213\276\213\241}{}% 5
\BOOKMARK [2][-]{subsection.2.1}{\376\377\151\202\137\365\152\041\127\213\377\010\000E\000-\000R\000\040\126\376\377\011}{section.2}% 6
\BOOKMARK [2][-]{subsection.2.2}{\376\377\162\151\164\006\152\041\127\213\377\010\000D\000D\000L\377\011}{section.2}% 7
\BOOKMARK [2][-]{subsection.2.3}{\376\377\121\163\225\056\213\276\213\241\213\364\146\016}{section.2}% 8
\BOOKMARK [1][-]{section.3}{\376\377\122\044\230\230\137\025\144\316\213\276\213\241}{}% 9
\BOOKMARK [2][-]{subsection.3.1}{\376\377\122\044\230\230\203\003\126\364\377\010\000M\000V\000P\377\011}{section.3}% 10
\BOOKMARK [2][-]{subsection.3.2}{\376\377\116\011\134\102\133\211\121\150\226\062\142\244}{section.3}% 11
\BOOKMARK [2][-]{subsection.3.3}{\376\377\142\147\210\114\155\101\172\013}{section.3}% 12
\BOOKMARK [2][-]{subsection.3.4}{\376\377\176\323\147\234\153\324\133\371\211\304\122\031}{section.3}% 13
\BOOKMARK [2][-]{subsection.3.5}{\376\377\133\211\121\150\173\126\165\145\140\073\176\323}{section.3}% 14
\BOOKMARK [1][-]{section.4}{\376\377\152\041\127\127\122\022\122\006\116\016\174\373\176\337\133\236\163\260}{}% 15
\BOOKMARK [2][-]{subsection.4.1}{\376\377\142\200\147\057\150\010}{section.4}% 16
\BOOKMARK [2][-]{subsection.4.2}{\376\377\124\016\172\357\152\041\127\127\122\022\122\006}{section.4}% 17
\BOOKMARK [2][-]{subsection.4.3}{\376\377\122\115\172\357\152\041\127\127\122\022\122\006}{section.4}% 18
\BOOKMARK [2][-]{subsection.4.4}{\376\377\150\070\137\303\142\200\147\057\133\236\163\260}{section.4}% 19
\BOOKMARK [1][-]{section.5}{\376\377\174\373\176\337\133\211\210\305\117\177\165\050\213\364\146\016}{}% 20
\BOOKMARK [2][-]{subsection.5.1}{\376\377\163\257\130\203\211\201\154\102}{section.5}% 21
\BOOKMARK [2][-]{subsection.5.2}{\376\377\116\000\225\056\124\057\122\250\377\010\143\250\203\120\377\011}{section.5}% 22
\BOOKMARK [2][-]{subsection.5.3}{\376\377\142\113\122\250\124\057\122\250}{section.5}% 23
\BOOKMARK [2][-]{subsection.5.4}{\376\377\163\257\130\203\123\330\221\317}{section.5}% 24
\BOOKMARK [2][-]{subsection.5.5}{\376\377\236\330\213\244\215\046\123\367}{section.5}% 25
\BOOKMARK [2][-]{subsection.5.6}{\376\377\230\230\136\223\145\160\143\156}{section.5}% 26
\BOOKMARK [2][-]{subsection.5.7}{\376\377\136\070\211\301\225\356\230\230}{section.5}% 27
